Archive member included to satisfy reference by file (symbol)

c:/st/stm32cubeide_1.12.1/stm32cubeide/plugins/com.st.stm32cube.ide.mcu.externaltools.gnu-tools-for-stm32.10.3-2021.10.win32_1.0.200.202301161003/tools/bin/../lib/gcc/arm-none-eabi/10.3.1/../../../../arm-none-eabi/lib/thumb/v7e-m+fp/hard\libc_nano.a(lib_a-errno.o)
                              ./Core/Src/syscalls.o (__errno)
c:/st/stm32cubeide_1.12.1/stm32cubeide/plugins/com.st.stm32cube.ide.mcu.externaltools.gnu-tools-for-stm32.10.3-2021.10.win32_1.0.200.202301161003/tools/bin/../lib/gcc/arm-none-eabi/10.3.1/../../../../arm-none-eabi/lib/thumb/v7e-m+fp/hard\libc_nano.a(lib_a-exit.o)
                              c:/st/stm32cubeide_1.12.1/stm32cubeide/plugins/com.st.stm32cube.ide.mcu.externaltools.gnu-tools-for-stm32.10.3-2021.10.win32_1.0.200.202301161003/tools/bin/../lib/gcc/arm-none-eabi/10.3.1/../../../../arm-none-eabi/lib/thumb/v7e-m+fp/hard/crt0.o (exit)
c:/st/stm32cubeide_1.12.1/stm32cubeide/plugins/com.st.stm32cube.ide.mcu.externaltools.gnu-tools-for-stm32.10.3-2021.10.win32_1.0.200.202301161003/tools/bin/../lib/gcc/arm-none-eabi/10.3.1/../../../../arm-none-eabi/lib/thumb/v7e-m+fp/hard\libc_nano.a(lib_a-impure.o)
                              c:/st/stm32cubeide_1.12.1/stm32cubeide/plugins/com.st.stm32cube.ide.mcu.externaltools.gnu-tools-for-stm32.10.3-2021.10.win32_1.0.200.202301161003/tools/bin/../lib/gcc/arm-none-eabi/10.3.1/../../../../arm-none-eabi/lib/thumb/v7e-m+fp/hard\libc_nano.a(lib_a-exit.o) (_global_impure_ptr)
c:/st/stm32cubeide_1.12.1/stm32cubeide/plugins/com.st.stm32cube.ide.mcu.externaltools.gnu-tools-for-stm32.10.3-2021.10.win32_1.0.200.202301161003/tools/bin/../lib/gcc/arm-none-eabi/10.3.1/../../../../arm-none-eabi/lib/thumb/v7e-m+fp/hard\libc_nano.a(lib_a-init.o)
                              c:/st/stm32cubeide_1.12.1/stm32cubeide/plugins/com.st.stm32cube.ide.mcu.externaltools.gnu-tools-for-stm32.10.3-2021.10.win32_1.0.200.202301161003/tools/bin/../lib/gcc/arm-none-eabi/10.3.1/../../../../arm-none-eabi/lib/thumb/v7e-m+fp/hard/crt0.o (__libc_init_array)
c:/st/stm32cubeide_1.12.1/stm32cubeide/plugins/com.st.stm32cube.ide.mcu.externaltools.gnu-tools-for-stm32.10.3-2021.10.win32_1.0.200.202301161003/tools/bin/../lib/gcc/arm-none-eabi/10.3.1/../../../../arm-none-eabi/lib/thumb/v7e-m+fp/hard\libc_nano.a(lib_a-memset.o)
                              c:/st/stm32cubeide_1.12.1/stm32cubeide/plugins/com.st.stm32cube.ide.mcu.externaltools.gnu-tools-for-stm32.10.3-2021.10.win32_1.0.200.202301161003/tools/bin/../lib/gcc/arm-none-eabi/10.3.1/../../../../arm-none-eabi/lib/thumb/v7e-m+fp/hard/crt0.o (memset)
c:/st/stm32cubeide_1.12.1/stm32cubeide/plugins/com.st.stm32cube.ide.mcu.externaltools.gnu-tools-for-stm32.10.3-2021.10.win32_1.0.200.202301161003/tools/bin/../lib/gcc/arm-none-eabi/10.3.1/thumb/v7e-m+fp/hard\libgcc.a(_aeabi_uldivmod.o)
                              ./Drivers/STM32F4xx_HAL_Driver/Src/stm32f4xx_hal_rcc.o (__aeabi_uldivmod)
c:/st/stm32cubeide_1.12.1/stm32cubeide/plugins/com.st.stm32cube.ide.mcu.externaltools.gnu-tools-for-stm32.10.3-2021.10.win32_1.0.200.202301161003/tools/bin/../lib/gcc/arm-none-eabi/10.3.1/thumb/v7e-m+fp/hard\libgcc.a(_udivmoddi4.o)
                              c:/st/stm32cubeide_1.12.1/stm32cubeide/plugins/com.st.stm32cube.ide.mcu.externaltools.gnu-tools-for-stm32.10.3-2021.10.win32_1.0.200.202301161003/tools/bin/../lib/gcc/arm-none-eabi/10.3.1/thumb/v7e-m+fp/hard\libgcc.a(_aeabi_uldivmod.o) (__udivmoddi4)
c:/st/stm32cubeide_1.12.1/stm32cubeide/plugins/com.st.stm32cube.ide.mcu.externaltools.gnu-tools-for-stm32.10.3-2021.10.win32_1.0.200.202301161003/tools/bin/../lib/gcc/arm-none-eabi/10.3.1/thumb/v7e-m+fp/hard\libgcc.a(_dvmd_tls.o)
                              c:/st/stm32cubeide_1.12.1/stm32cubeide/plugins/com.st.stm32cube.ide.mcu.externaltools.gnu-tools-for-stm32.10.3-2021.10.win32_1.0.200.202301161003/tools/bin/../lib/gcc/arm-none-eabi/10.3.1/thumb/v7e-m+fp/hard\libgcc.a(_aeabi_uldivmod.o) (__aeabi_ldiv0)

Discarded input sections

 .text          0x0000000000000000        0x0 c:/st/stm32cubeide_1.12.1/stm32cubeide/plugins/com.st.stm32cube.ide.mcu.externaltools.gnu-tools-for-stm32.10.3-2021.10.win32_1.0.200.202301161003/tools/bin/../lib/gcc/arm-none-eabi/10.3.1/thumb/v7e-m+fp/hard/crti.o
 .data          0x0000000000000000        0x0 c:/st/stm32cubeide_1.12.1/stm32cubeide/plugins/com.st.stm32cube.ide.mcu.externaltools.gnu-tools-for-stm32.10.3-2021.10.win32_1.0.200.202301161003/tools/bin/../lib/gcc/arm-none-eabi/10.3.1/thumb/v7e-m+fp/hard/crti.o
 .bss           0x0000000000000000        0x0 c:/st/stm32cubeide_1.12.1/stm32cubeide/plugins/com.st.stm32cube.ide.mcu.externaltools.gnu-tools-for-stm32.10.3-2021.10.win32_1.0.200.202301161003/tools/bin/../lib/gcc/arm-none-eabi/10.3.1/thumb/v7e-m+fp/hard/crti.o
[...]
Memory Configuration

Name             Origin             Length             Attributes
CCMRAM           0x0000000010000000 0x0000000000010000 xrw
RAM              0x0000000020000000 0x0000000000020000 xrw
FLASH            0x0000000008000000 0x0000000000100000 xr
*default*        0x0000000000000000 0xffffffffffffffff

Linker script and memory map

LOAD c:/st/stm32cubeide_1.12.1/stm32cubeide/plugins/com.st.stm32cube.ide.mcu.externaltools.gnu-tools-for-stm32.10.3-2021.10.win32_1.0.200.202301161003/tools/bin/../lib/gcc/arm-none-eabi/10.3.1/thumb/v7e-m+fp/hard/crti.o
LOAD c:/st/stm32cubeide_1.12.1/stm32cubeide/plugins/com.st.stm32cube.ide.mcu.externaltools.gnu-tools-for-stm32.10.3-2021.10.win32_1.0.200.202301161003/tools/bin/../lib/gcc/arm-none-eabi/10.3.1/thumb/v7e-m+fp/hard/crtbegin.o
LOAD c:/st/stm32cubeide_1.12.1/stm32cubeide/plugins/com.st.stm32cube.ide.mcu.externaltools.gnu-tools-for-stm32.10.3-2021.10.win32_1.0.200.202301161003/tools/bin/../lib/gcc/arm-none-eabi/10.3.1/../../../../arm-none-eabi/lib/thumb/v7e-m+fp/hard/crt0.o
LOAD ./Core/Src/fonts.o
LOAD ./Core/Src/main.o
LOAD ./Core/Src/st7789.o
LOAD ./Core/Src/stm32f4xx_hal_msp.o
LOAD ./Core/Src/stm32f4xx_it.o
LOAD ./Core/Src/syscalls.o
LOAD ./Core/Src/sysmem.o
LOAD ./Core/Src/system_stm32f4xx.o
LOAD ./Core/Startup/startup_stm32f405rgtx.o
LOAD ./Drivers/STM32F4xx_HAL_Driver/Src/stm32f4xx_hal.o
LOAD ./Drivers/STM32F4xx_HAL_Driver/Src/stm32f4xx_hal_cortex.o
LOAD ./Drivers/STM32F4xx_HAL_Driver/Src/stm32f4xx_hal_dma.o
LOAD ./Drivers/STM32F4xx_HAL_Driver/Src/stm32f4xx_hal_dma_ex.o
LOAD ./Drivers/STM32F4xx_HAL_Driver/Src/stm32f4xx_hal_exti.o
LOAD ./Drivers/STM32F4xx_HAL_Driver/Src/stm32f4xx_hal_flash.o
LOAD ./Drivers/STM32F4xx_HAL_Driver/Src/stm32f4xx_hal_flash_ex.o
LOAD ./Drivers/STM32F4xx_HAL_Driver/Src/stm32f4xx_hal_flash_ramfunc.o
LOAD ./Drivers/STM32F4xx_HAL_Driver/Src/stm32f4xx_hal_gpio.o
LOAD ./Drivers/STM32F4xx_HAL_Driver/Src/stm32f4xx_hal_pwr.o
LOAD ./Drivers/STM32F4xx_HAL_Driver/Src/stm32f4xx_hal_pwr_ex.o
LOAD ./Drivers/STM32F4xx_HAL_Driver/Src/stm32f4xx_hal_rcc.o
LOAD ./Drivers/STM32F4xx_HAL_Driver/Src/stm32f4xx_hal_rcc_ex.o
LOAD ./Drivers/STM32F4xx_HAL_Driver/Src/stm32f4xx_hal_sd.o
LOAD ./Drivers/STM32F4xx_HAL_Driver/Src/stm32f4xx_hal_spi.o
LOAD ./Drivers/STM32F4xx_HAL_Driver/Src/stm32f4xx_hal_tim.o
LOAD ./Drivers/STM32F4xx_HAL_Driver/Src/stm32f4xx_hal_tim_ex.o
LOAD ./Drivers/STM32F4xx_HAL_Driver/Src/stm32f4xx_ll_sdmmc.o
LOAD ./FATFS/App/fatfs.o
LOAD ./FATFS/Target/bsp_driver_sd.o
LOAD ./FATFS/Target/sd_diskio.o
LOAD ./Middlewares/Third_Party/FatFs/src/diskio.o
LOAD ./Middlewares/Third_Party/FatFs/src/ff.o
LOAD ./Middlewares/Third_Party/FatFs/src/ff_gen_drv.o
LOAD ./Middlewares/Third_Party/FatFs/src/option/syscall.o
START GROUP
LOAD c:/st/stm32cubeide_1.12.1/stm32cubeide/plugins/com.st.stm32cube.ide.mcu.externaltools.gnu-tools-for-stm32.10.3-2021.10.win32_1.0.200.202301161003/tools/bin/../lib/gcc/arm-none-eabi/10.3.1/../../../../arm-none-eabi/lib/thumb/v7e-m+fp/hard\libc_nano.a
LOAD c:/st/stm32cubeide_1.12.1/stm32cubeide/plugins/com.st.stm32cube.ide.mcu.externaltools.gnu-tools-for-stm32.10.3-2021.10.win32_1.0.200.202301161003/tools/bin/../lib/gcc/arm-none-eabi/10.3.1/../../../../arm-none-eabi/lib/thumb/v7e-m+fp/hard\libm.a
END GROUP
START GROUP
LOAD c:/st/stm32cubeide_1.12.1/stm32cubeide/plugins/com.st.stm32cube.ide.mcu.externaltools.gnu-tools-for-stm32.10.3-2021.10.win32_1.0.200.202301161003/tools/bin/../lib/gcc/arm-none-eabi/10.3.1/thumb/v7e-m+fp/hard\libgcc.a
LOAD c:/st/stm32cubeide_1.12.1/stm32cubeide/plugins/com.st.stm32cube.ide.mcu.externaltools.gnu-tools-for-stm32.10.3-2021.10.win32_1.0.200.202301161003/tools/bin/../lib/gcc/arm-none-eabi/10.3.1/../../../../arm-none-eabi/lib/thumb/v7e-m+fp/hard\libc_nano.a
END GROUP
START GROUP
LOAD c:/st/stm32cubeide_1.12.1/stm32cubeide/plugins/com.st.stm32cube.ide.mcu.externaltools.gnu-tools-for-stm32.10.3-2021.10.win32_1.0.200.202301161003/tools/bin/../lib/gcc/arm-none-eabi/10.3.1/thumb/v7e-m+fp/hard\libgcc.a
LOAD c:/st/stm32cubeide_1.12.1/stm32cubeide/plugins/com.st.stm32cube.ide.mcu.externaltools.gnu-tools-for-stm32.10.3-2021.10.win32_1.0.200.202301161003/tools/bin/../lib/gcc/arm-none-eabi/10.3.1/../../../../arm-none-eabi/lib/thumb/v7e-m+fp/hard\libc_nano.a
LOAD c:/st/stm32cubeide_1.12.1/stm32cubeide/plugins/com.st.stm32cube.ide.mcu.externaltools.gnu-tools-for-stm32.10.3-2021.10.win32_1.0.200.202301161003/tools/bin/../lib/gcc/arm-none-eabi/10.3.1/../../../../arm-none-eabi/lib/thumb/v7e-m+fp/hard\libnosys.a
END GROUP
START GROUP
LOAD c:/st/stm32cubeide_1.12.1/stm32cubeide/plugins/com.st.stm32cube.ide.mcu.externaltools.gnu-tools-for-stm32.10.3-2021.10.win32_1.0.200.202301161003/tools/bin/../lib/gcc/arm-none-eabi/10.3.1/thumb/v7e-m+fp/hard\libgcc.a
LOAD c:/st/stm32cubeide_1.12.1/stm32cubeide/plugins/com.st.stm32cube.ide.mcu.externaltools.gnu-tools-for-stm32.10.3-2021.10.win32_1.0.200.202301161003/tools/bin/../lib/gcc/arm-none-eabi/10.3.1/../../../../arm-none-eabi/lib/thumb/v7e-m+fp/hard\libc_nano.a
LOAD c:/st/stm32cubeide_1.12.1/stm32cubeide/plugins/com.st.stm32cube.ide.mcu.externaltools.gnu-tools-for-stm32.10.3-2021.10.win32_1.0.200.202301161003/tools/bin/../lib/gcc/arm-none-eabi/10.3.1/../../../../arm-none-eabi/lib/thumb/v7e-m+fp/hard\libnosys.a
END GROUP
LOAD c:/st/stm32cubeide_1.12.1/stm32cubeide/plugins/com.st.stm32cube.ide.mcu.externaltools.gnu-tools-for-stm32.10.3-2021.10.win32_1.0.200.202301161003/tools/bin/../lib/gcc/arm-none-eabi/10.3.1/thumb/v7e-m+fp/hard/crtend.o
LOAD c:/st/stm32cubeide_1.12.1/stm32cubeide/plugins/com.st.stm32cube.ide.mcu.externaltools.gnu-tools-for-stm32.10.3-2021.10.win32_1.0.200.202301161003/tools/bin/../lib/gcc/arm-none-eabi/10.3.1/thumb/v7e-m+fp/hard/crtn.o
                0x0000000020020000                _estack = (ORIGIN (RAM) + LENGTH (RAM))
                0x0000000000000200                _Min_Heap_Size = 0x200
                0x0000000000000400                _Min_Stack_Size = 0x400

.isr_vector     0x0000000008000000      0x188
                0x0000000008000000                . = ALIGN (0x4)
 *(.isr_vector)
 .isr_vector    0x0000000008000000      0x188 ./Core/Startup/startup_stm32f405rgtx.o
                0x0000000008000000                g_pfnVectors
                0x0000000008000188                . = ALIGN (0x4)

.text           0x0000000008000188     0x5504
                0x0000000008000188                . = ALIGN (0x4)
 *(.text)
 .text          0x0000000008000188       0x40 c:/st/stm32cubeide_1.12.1/stm32cubeide/plugins/com.st.stm32cube.ide.mcu.externaltools.gnu-tools-for-stm32.10.3-2021.10.win32_1.0.200.202301161003/tools/bin/../lib/gcc/arm-none-eabi/10.3.1/thumb/v7e-m+fp/hard/crtbegin.o
 .text          0x00000000080001c8       0x30 c:/st/stm32cubeide_1.12.1/stm32cubeide/plugins/com.st.stm32cube.ide.mcu.externaltools.gnu-tools-for-stm32.10.3-2021.10.win32_1.0.200.202301161003/tools/bin/../lib/gcc/arm-none-eabi/10.3.1/thumb/v7e-m+fp/hard\libgcc.a(_aeabi_uldivmod.o)
                0x00000000080001c8                __aeabi_uldivmod
 .text          0x00000000080001f8      0x2d0 c:/st/stm32cubeide_1.12.1/stm32cubeide/plugins/com.st.stm32cube.ide.mcu.externaltools.gnu-tools-for-stm32.10.3-2021.10.win32_1.0.200.202301161003/tools/bin/../lib/gcc/arm-none-eabi/10.3.1/thumb/v7e-m+fp/hard\libgcc.a(_udivmoddi4.o)
                0x00000000080001f8                __udivmoddi4
 .text          0x00000000080004c8        0x4 c:/st/stm32cubeide_1.12.1/stm32cubeide/plugins/com.st.stm32cube.ide.mcu.externaltools.gnu-tools-for-stm32.10.3-2021.10.win32_1.0.200.202301161003/tools/bin/../lib/gcc/arm-none-eabi/10.3.1/thumb/v7e-m+fp/hard\libgcc.a(_dvmd_tls.o)
                0x00000000080004c8                __aeabi_idiv0
                0x00000000080004c8                __aeabi_ldiv0
 *(.text*)
 .text.main     0x00000000080004cc       0x34 ./Core/Src/main.o
                0x00000000080004cc                main
 .text.SystemClock_Config
                0x0000000008000500       0xd4 ./Core/Src/main.o
                0x0000000008000500                SystemClock_Config
 .text.MX_SDIO_SD_Init
                0x00000000080005d4       0x40 ./Core/Src/main.o
 .text.MX_SPI1_Init
                0x0000000008000614       0x6c ./Core/Src/main.o
 .text.MX_GPIO_Init
                0x0000000008000680       0xdc ./Core/Src/main.o
 .text.Error_Handler
                0x000000000800075c        0xa ./Core/Src/main.o
                0x000000000800075c                Error_Handler
 *fill*         0x0000000008000766        0x2 
 .text.ST7789_WriteCommand
                0x0000000008000768       0x48 ./Core/Src/st7789.o
 .text.ST7789_WriteData
                0x00000000080007b0       0x70 ./Core/Src/st7789.o
 .text.ST7789_WriteSmallData
                0x0000000008000820       0x48 ./Core/Src/st7789.o
 .text.ST7789_SetRotation
                0x0000000008000868       0x58 ./Core/Src/st7789.o
                0x0000000008000868                ST7789_SetRotation
 .text.ST7789_SetAddressWindow
                0x00000000080008c0       0xb8 ./Core/Src/st7789.o
 .text.ST7789_Init
                0x0000000008000978      0x13c ./Core/Src/st7789.o
                0x0000000008000978                ST7789_Init
 .text.ST7789_Fill_Color
                0x0000000008000ab4       0x7c ./Core/Src/st7789.o
                0x0000000008000ab4                ST7789_Fill_Color
 .text.ST7789_DrawPixel
                0x0000000008000b30       0x6c ./Core/Src/st7789.o
                0x0000000008000b30                ST7789_DrawPixel
 .text.ST7789_DrawLine
                0x0000000008000b9c      0x118 ./Core/Src/st7789.o
                0x0000000008000b9c                ST7789_DrawLine
 .text.ST7789_DrawRectangle
                0x0000000008000cb4       0x88 ./Core/Src/st7789.o
                0x0000000008000cb4                ST7789_DrawRectangle
 .text.ST7789_DrawCircle
                0x0000000008000d3c      0x1cc ./Core/Src/st7789.o
                0x0000000008000d3c                ST7789_DrawCircle
 .text.ST7789_DrawImage
                0x0000000008000f08       0xa0 ./Core/Src/st7789.o
                0x0000000008000f08                ST7789_DrawImage
 .text.ST7789_WriteChar
                0x0000000008000fa8      0x100 ./Core/Src/st7789.o
                0x0000000008000fa8                ST7789_WriteChar
 .text.ST7789_WriteString
                0x00000000080010a8       0xa8 ./Core/Src/st7789.o
                0x00000000080010a8                ST7789_WriteString
 .text.ST7789_DrawFilledRectangle
                0x0000000008001150       0xb4 ./Core/Src/st7789.o
                0x0000000008001150                ST7789_DrawFilledRectangle
 .text.ST7789_DrawTriangle
                0x0000000008001204       0x74 ./Core/Src/st7789.o
                0x0000000008001204                ST7789_DrawTriangle
 .text.ST7789_DrawFilledTriangle
                0x0000000008001278      0x19c ./Core/Src/st7789.o
                0x0000000008001278                ST7789_DrawFilledTriangle
 .text.ST7789_DrawFilledCircle
                0x0000000008001414      0x1cc ./Core/Src/st7789.o
                0x0000000008001414                ST7789_DrawFilledCircle
 .text.ST7789_Test
                0x00000000080015e0      0x350 ./Core/Src/st7789.o
                0x00000000080015e0                ST7789_Test
 .text.HAL_MspInit
                0x0000000008001930       0x50 ./Core/Src/stm32f4xx_hal_msp.o
                0x0000000008001930                HAL_MspInit
 .text.HAL_SD_MspInit
                0x0000000008001980       0xe0 ./Core/Src/stm32f4xx_hal_msp.o
                0x0000000008001980                HAL_SD_MspInit
 .text.HAL_SPI_MspInit
                0x0000000008001a60       0xe0 ./Core/Src/stm32f4xx_hal_msp.o
                0x0000000008001a60                HAL_SPI_MspInit
 .text.NMI_Handler
                0x0000000008001b40        0x6 ./Core/Src/stm32f4xx_it.o
                0x0000000008001b40                NMI_Handler
 .text.HardFault_Handler
                0x0000000008001b46        0x6 ./Core/Src/stm32f4xx_it.o
                0x0000000008001b46                HardFault_Handler
 .text.MemManage_Handler
                0x0000000008001b4c        0x6 ./Core/Src/stm32f4xx_it.o
                0x0000000008001b4c                MemManage_Handler
 .text.BusFault_Handler
                0x0000000008001b52        0x6 ./Core/Src/stm32f4xx_it.o
                0x0000000008001b52                BusFault_Handler
 .text.UsageFault_Handler
                0x0000000008001b58        0x6 ./Core/Src/stm32f4xx_it.o
                0x0000000008001b58                UsageFault_Handler
 .text.SVC_Handler
                0x0000000008001b5e        0xe ./Core/Src/stm32f4xx_it.o
                0x0000000008001b5e                SVC_Handler
 .text.DebugMon_Handler
                0x0000000008001b6c        0xe ./Core/Src/stm32f4xx_it.o
                0x0000000008001b6c                DebugMon_Handler
 .text.PendSV_Handler
                0x0000000008001b7a        0xe ./Core/Src/stm32f4xx_it.o
                0x0000000008001b7a                PendSV_Handler
 .text.SysTick_Handler
                0x0000000008001b88        0xc ./Core/Src/stm32f4xx_it.o
                0x0000000008001b88                SysTick_Handler
 .text.SPI1_IRQHandler
                0x0000000008001b94       0x14 ./Core/Src/stm32f4xx_it.o
                0x0000000008001b94                SPI1_IRQHandler
 .text.SDIO_IRQHandler
                0x0000000008001ba8       0x14 ./Core/Src/stm32f4xx_it.o
                0x0000000008001ba8                SDIO_IRQHandler
 .text.SystemInit
                0x0000000008001bbc       0x24 ./Core/Src/system_stm32f4xx.o
                0x0000000008001bbc                SystemInit
 .text.Reset_Handler
                0x0000000008001be0       0x50 ./Core/Startup/startup_stm32f405rgtx.o
                0x0000000008001be0                Reset_Handler
 .text.Default_Handler
                0x0000000008001c30        0x2 ./Core/Startup/startup_stm32f405rgtx.o
                0x0000000008001c30                RTC_Alarm_IRQHandler
                0x0000000008001c30                HASH_RNG_IRQHandler
                0x0000000008001c30                EXTI2_IRQHandler
                0x0000000008001c30                TIM8_CC_IRQHandler
                0x0000000008001c30                TIM1_CC_IRQHandler
                0x0000000008001c30                DMA2_Stream5_IRQHandler
                0x0000000008001c30                DMA1_Stream5_IRQHandler
                0x0000000008001c30                PVD_IRQHandler
                0x0000000008001c30                TAMP_STAMP_IRQHandler
                0x0000000008001c30                CAN2_RX1_IRQHandler
                0x0000000008001c30                EXTI3_IRQHandler
                0x0000000008001c30                TIM8_TRG_COM_TIM14_IRQHandler
                0x0000000008001c30                TIM1_UP_TIM10_IRQHandler
                0x0000000008001c30                TIM8_UP_TIM13_IRQHandler
                0x0000000008001c30                I2C3_ER_IRQHandler
                0x0000000008001c30                EXTI0_IRQHandler
                0x0000000008001c30                I2C2_EV_IRQHandler
                0x0000000008001c30                DMA1_Stream2_IRQHandler
                0x0000000008001c30                CAN1_RX0_IRQHandler
                0x0000000008001c30                FPU_IRQHandler
                0x0000000008001c30                OTG_HS_WKUP_IRQHandler
                0x0000000008001c30                CAN2_SCE_IRQHandler
                0x0000000008001c30                DMA2_Stream2_IRQHandler
                0x0000000008001c30                TIM6_DAC_IRQHandler
                0x0000000008001c30                TIM1_BRK_TIM9_IRQHandler
                0x0000000008001c30                CAN2_RX0_IRQHandler
                0x0000000008001c30                DMA2_Stream3_IRQHandler
                0x0000000008001c30                USART6_IRQHandler
                0x0000000008001c30                USART3_IRQHandler
                0x0000000008001c30                CAN1_RX1_IRQHandler
                0x0000000008001c30                UART5_IRQHandler
                0x0000000008001c30                DMA2_Stream0_IRQHandler
                0x0000000008001c30                TIM4_IRQHandler
                0x0000000008001c30                I2C1_EV_IRQHandler
                0x0000000008001c30                DMA1_Stream6_IRQHandler
                0x0000000008001c30                DMA1_Stream1_IRQHandler
                0x0000000008001c30                UART4_IRQHandler
                0x0000000008001c30                TIM3_IRQHandler
                0x0000000008001c30                RCC_IRQHandler
                0x0000000008001c30                TIM8_BRK_TIM12_IRQHandler
                0x0000000008001c30                Default_Handler
                0x0000000008001c30                EXTI15_10_IRQHandler
                0x0000000008001c30                ADC_IRQHandler
                0x0000000008001c30                DMA1_Stream7_IRQHandler
                0x0000000008001c30                TIM7_IRQHandler
                0x0000000008001c30                CAN2_TX_IRQHandler
                0x0000000008001c30                TIM5_IRQHandler
                0x0000000008001c30                DMA2_Stream7_IRQHandler
                0x0000000008001c30                I2C3_EV_IRQHandler
                0x0000000008001c30                EXTI9_5_IRQHandler
                0x0000000008001c30                RTC_WKUP_IRQHandler
                0x0000000008001c30                SPI2_IRQHandler
                0x0000000008001c30                OTG_HS_EP1_IN_IRQHandler
                0x0000000008001c30                DMA1_Stream0_IRQHandler
                0x0000000008001c30                CAN1_TX_IRQHandler
                0x0000000008001c30                EXTI4_IRQHandler
                0x0000000008001c30                FSMC_IRQHandler
                0x0000000008001c30                OTG_HS_EP1_OUT_IRQHandler
                0x0000000008001c30                WWDG_IRQHandler
                0x0000000008001c30                TIM2_IRQHandler
                0x0000000008001c30                OTG_FS_WKUP_IRQHandler
                0x0000000008001c30                TIM1_TRG_COM_TIM11_IRQHandler
                0x0000000008001c30                OTG_HS_IRQHandler
                0x0000000008001c30                EXTI1_IRQHandler
                0x0000000008001c30                USART2_IRQHandler
                0x0000000008001c30                I2C2_ER_IRQHandler
                0x0000000008001c30                DMA2_Stream1_IRQHandler
                0x0000000008001c30                CAN1_SCE_IRQHandler
                0x0000000008001c30                FLASH_IRQHandler
                0x0000000008001c30                DMA2_Stream4_IRQHandler
                0x0000000008001c30                USART1_IRQHandler
                0x0000000008001c30                OTG_FS_IRQHandler
                0x0000000008001c30                SPI3_IRQHandler
                0x0000000008001c30                DMA1_Stream4_IRQHandler
                0x0000000008001c30                I2C1_ER_IRQHandler
                0x0000000008001c30                DMA2_Stream6_IRQHandler
                0x0000000008001c30                DMA1_Stream3_IRQHandler
 *fill*         0x0000000008001c32        0x2 
 .text.HAL_Init
                0x0000000008001c34       0x44 ./Drivers/STM32F4xx_HAL_Driver/Src/stm32f4xx_hal.o
                0x0000000008001c34                HAL_Init
 .text.HAL_InitTick
                0x0000000008001c78       0x60 ./Drivers/STM32F4xx_HAL_Driver/Src/stm32f4xx_hal.o
                0x0000000008001c78                HAL_InitTick
 .text.HAL_IncTick
                0x0000000008001cd8       0x28 ./Drivers/STM32F4xx_HAL_Driver/Src/stm32f4xx_hal.o
                0x0000000008001cd8                HAL_IncTick
 .text.HAL_GetTick
                0x0000000008001d00       0x18 ./Drivers/STM32F4xx_HAL_Driver/Src/stm32f4xx_hal.o
                0x0000000008001d00                HAL_GetTick
 .text.HAL_Delay
                0x0000000008001d18       0x48 ./Drivers/STM32F4xx_HAL_Driver/Src/stm32f4xx_hal.o
                0x0000000008001d18                HAL_Delay
 .text.__NVIC_SetPriorityGrouping
                0x0000000008001d60       0x48 ./Drivers/STM32F4xx_HAL_Driver/Src/stm32f4xx_hal_cortex.o
 .text.__NVIC_GetPriorityGrouping
                0x0000000008001da8       0x1c ./Drivers/STM32F4xx_HAL_Driver/Src/stm32f4xx_hal_cortex.o
 .text.__NVIC_EnableIRQ
                0x0000000008001dc4       0x3c ./Drivers/STM32F4xx_HAL_Driver/Src/stm32f4xx_hal_cortex.o
 .text.__NVIC_SetPriority
                0x0000000008001e00       0x54 ./Drivers/STM32F4xx_HAL_Driver/Src/stm32f4xx_hal_cortex.o
 .text.NVIC_EncodePriority
                0x0000000008001e54       0x66 ./Drivers/STM32F4xx_HAL_Driver/Src/stm32f4xx_hal_cortex.o
 *fill*         0x0000000008001eba        0x2 
 .text.SysTick_Config
                0x0000000008001ebc       0x44 ./Drivers/STM32F4xx_HAL_Driver/Src/stm32f4xx_hal_cortex.o
 .text.HAL_NVIC_SetPriorityGrouping
                0x0000000008001f00       0x16 ./Drivers/STM32F4xx_HAL_Driver/Src/stm32f4xx_hal_cortex.o
                0x0000000008001f00                HAL_NVIC_SetPriorityGrouping
 .text.HAL_NVIC_SetPriority
                0x0000000008001f16       0x38 ./Drivers/STM32F4xx_HAL_Driver/Src/stm32f4xx_hal_cortex.o
                0x0000000008001f16                HAL_NVIC_SetPriority
 .text.HAL_NVIC_EnableIRQ
                0x0000000008001f4e       0x1c ./Drivers/STM32F4xx_HAL_Driver/Src/stm32f4xx_hal_cortex.o
                0x0000000008001f4e                HAL_NVIC_EnableIRQ
 .text.HAL_SYSTICK_Config
                0x0000000008001f6a       0x18 ./Drivers/STM32F4xx_HAL_Driver/Src/stm32f4xx_hal_cortex.o
                0x0000000008001f6a                HAL_SYSTICK_Config
 .text.HAL_DMA_Abort_IT
                0x0000000008001f82       0x44 ./Drivers/STM32F4xx_HAL_Driver/Src/stm32f4xx_hal_dma.o
                0x0000000008001f82                HAL_DMA_Abort_IT
 *fill*         0x0000000008001fc6        0x2 
 .text.HAL_GPIO_Init
                0x0000000008001fc8      0x338 ./Drivers/STM32F4xx_HAL_Driver/Src/stm32f4xx_hal_gpio.o
                0x0000000008001fc8                HAL_GPIO_Init
 .text.HAL_GPIO_WritePin
                0x0000000008002300       0x32 ./Drivers/STM32F4xx_HAL_Driver/Src/stm32f4xx_hal_gpio.o
                0x0000000008002300                HAL_GPIO_WritePin
 *fill*         0x0000000008002332        0x2 
 .text.HAL_RCC_OscConfig
                0x0000000008002334      0x4f0 ./Drivers/STM32F4xx_HAL_Driver/Src/stm32f4xx_hal_rcc.o
                0x0000000008002334                HAL_RCC_OscConfig
 .text.HAL_RCC_ClockConfig
                0x0000000008002824      0x1cc ./Drivers/STM32F4xx_HAL_Driver/Src/stm32f4xx_hal_rcc.o
                0x0000000008002824                HAL_RCC_ClockConfig
 .text.HAL_RCC_GetSysClockFreq
                0x00000000080029f0      0x20c ./Drivers/STM32F4xx_HAL_Driver/Src/stm32f4xx_hal_rcc.o
                0x00000000080029f0                HAL_RCC_GetSysClockFreq
 .text.HAL_SD_Init
                0x0000000008002bfc       0x60 ./Drivers/STM32F4xx_HAL_Driver/Src/stm32f4xx_hal_sd.o
                0x0000000008002bfc                HAL_SD_Init
 .text.HAL_SD_InitCard
                0x0000000008002c5c      0x100 ./Drivers/STM32F4xx_HAL_Driver/Src/stm32f4xx_hal_sd.o
                0x0000000008002c5c                HAL_SD_InitCard
 .text.HAL_SD_ReadBlocks
                0x0000000008002d5c      0x3bc ./Drivers/STM32F4xx_HAL_Driver/Src/stm32f4xx_hal_sd.o
                0x0000000008002d5c                HAL_SD_ReadBlocks
 .text.HAL_SD_WriteBlocks
                0x0000000008003118      0x30c ./Drivers/STM32F4xx_HAL_Driver/Src/stm32f4xx_hal_sd.o
                0x0000000008003118                HAL_SD_WriteBlocks
 .text.HAL_SD_IRQHandler
                0x0000000008003424      0x30c ./Drivers/STM32F4xx_HAL_Driver/Src/stm32f4xx_hal_sd.o
                0x0000000008003424                HAL_SD_IRQHandler
 .text.HAL_SD_ErrorCallback
                0x0000000008003730       0x14 ./Drivers/STM32F4xx_HAL_Driver/Src/stm32f4xx_hal_sd.o
                0x0000000008003730                HAL_SD_ErrorCallback
 .text.HAL_SD_GetCardCSD
                0x0000000008003744      0x348 ./Drivers/STM32F4xx_HAL_Driver/Src/stm32f4xx_hal_sd.o
                0x0000000008003744                HAL_SD_GetCardCSD
 .text.HAL_SD_GetCardInfo
                0x0000000008003a8c       0x58 ./Drivers/STM32F4xx_HAL_Driver/Src/stm32f4xx_hal_sd.o
                0x0000000008003a8c                HAL_SD_GetCardInfo
 .text.HAL_SD_GetCardState
                0x0000000008003ae4       0x40 ./Drivers/STM32F4xx_HAL_Driver/Src/stm32f4xx_hal_sd.o
                0x0000000008003ae4                HAL_SD_GetCardState
 .text.SD_DMATxAbort
                0x0000000008003b24       0x6e ./Drivers/STM32F4xx_HAL_Driver/Src/stm32f4xx_hal_sd.o
 .text.SD_DMARxAbort
                0x0000000008003b92       0x6e ./Drivers/STM32F4xx_HAL_Driver/Src/stm32f4xx_hal_sd.o
 .text.SD_InitCard
                0x0000000008003c00      0x19c ./Drivers/STM32F4xx_HAL_Driver/Src/stm32f4xx_hal_sd.o
 .text.SD_PowerON
                0x0000000008003d9c      0x11c ./Drivers/STM32F4xx_HAL_Driver/Src/stm32f4xx_hal_sd.o
 .text.SD_SendStatus
                0x0000000008003eb8       0x50 ./Drivers/STM32F4xx_HAL_Driver/Src/stm32f4xx_hal_sd.o
 .text.SD_Read_IT
                0x0000000008003f08       0xa2 ./Drivers/STM32F4xx_HAL_Driver/Src/stm32f4xx_hal_sd.o
 .text.SD_Write_IT
                0x0000000008003faa       0xaa ./Drivers/STM32F4xx_HAL_Driver/Src/stm32f4xx_hal_sd.o
 .text.HAL_SPI_Init
                0x0000000008004054      0x112 ./Drivers/STM32F4xx_HAL_Driver/Src/stm32f4xx_hal_spi.o
                0x0000000008004054                HAL_SPI_Init
 .text.HAL_SPI_Transmit
                0x0000000008004166      0x278 ./Drivers/STM32F4xx_HAL_Driver/Src/stm32f4xx_hal_spi.o
                0x0000000008004166                HAL_SPI_Transmit
 *fill*         0x00000000080043de        0x2 
 .text.HAL_SPI_IRQHandler
                0x00000000080043e0      0x200 ./Drivers/STM32F4xx_HAL_Driver/Src/stm32f4xx_hal_spi.o
                0x00000000080043e0                HAL_SPI_IRQHandler
 .text.HAL_SPI_ErrorCallback
                0x00000000080045e0       0x14 ./Drivers/STM32F4xx_HAL_Driver/Src/stm32f4xx_hal_spi.o
                0x00000000080045e0                HAL_SPI_ErrorCallback
 .text.SPI_DMAAbortOnError
                0x00000000080045f4       0x28 ./Drivers/STM32F4xx_HAL_Driver/Src/stm32f4xx_hal_spi.o
 .text.SPI_WaitFlagStateUntilTimeout
                0x000000000800461c      0x110 ./Drivers/STM32F4xx_HAL_Driver/Src/stm32f4xx_hal_spi.o
 .text.SPI_EndRxTxTransaction
                0x000000000800472c       0x84 ./Drivers/STM32F4xx_HAL_Driver/Src/stm32f4xx_hal_spi.o
 .text.SDIO_Init
                0x00000000080047b0       0x56 ./Drivers/STM32F4xx_HAL_Driver/Src/stm32f4xx_ll_sdmmc.o
                0x00000000080047b0                SDIO_Init
 .text.SDIO_ReadFIFO
                0x0000000008004806       0x1a ./Drivers/STM32F4xx_HAL_Driver/Src/stm32f4xx_ll_sdmmc.o
                0x0000000008004806                SDIO_ReadFIFO
 .text.SDIO_WriteFIFO
                0x0000000008004820       0x22 ./Drivers/STM32F4xx_HAL_Driver/Src/stm32f4xx_ll_sdmmc.o
                0x0000000008004820                SDIO_WriteFIFO
 .text.SDIO_PowerState_ON
                0x0000000008004842       0x1c ./Drivers/STM32F4xx_HAL_Driver/Src/stm32f4xx_ll_sdmmc.o
                0x0000000008004842                SDIO_PowerState_ON
 .text.SDIO_GetPowerState
                0x000000000800485e       0x1c ./Drivers/STM32F4xx_HAL_Driver/Src/stm32f4xx_ll_sdmmc.o
                0x000000000800485e                SDIO_GetPowerState
 .text.SDIO_SendCommand
                0x000000000800487a       0x54 ./Drivers/STM32F4xx_HAL_Driver/Src/stm32f4xx_ll_sdmmc.o
                0x000000000800487a                SDIO_SendCommand
 .text.SDIO_GetCommandResponse
                0x00000000080048ce       0x1a ./Drivers/STM32F4xx_HAL_Driver/Src/stm32f4xx_ll_sdmmc.o
                0x00000000080048ce                SDIO_GetCommandResponse
 .text.SDIO_GetResponse
                0x00000000080048e8       0x26 ./Drivers/STM32F4xx_HAL_Driver/Src/stm32f4xx_ll_sdmmc.o
                0x00000000080048e8                SDIO_GetResponse
 .text.SDIO_ConfigData
                0x000000000800490e       0x58 ./Drivers/STM32F4xx_HAL_Driver/Src/stm32f4xx_ll_sdmmc.o
                0x000000000800490e                SDIO_ConfigData
 .text.SDMMC_CmdBlockLength
                0x0000000008004966       0x44 ./Drivers/STM32F4xx_HAL_Driver/Src/stm32f4xx_ll_sdmmc.o
                0x0000000008004966                SDMMC_CmdBlockLength
 .text.SDMMC_CmdReadSingleBlock
                0x00000000080049aa       0x44 ./Drivers/STM32F4xx_HAL_Driver/Src/stm32f4xx_ll_sdmmc.o
                0x00000000080049aa                SDMMC_CmdReadSingleBlock
 .text.SDMMC_CmdReadMultiBlock
                0x00000000080049ee       0x44 ./Drivers/STM32F4xx_HAL_Driver/Src/stm32f4xx_ll_sdmmc.o
                0x00000000080049ee                SDMMC_CmdReadMultiBlock
 .text.SDMMC_CmdWriteSingleBlock
                0x0000000008004a32       0x44 ./Drivers/STM32F4xx_HAL_Driver/Src/stm32f4xx_ll_sdmmc.o
                0x0000000008004a32                SDMMC_CmdWriteSingleBlock
 .text.SDMMC_CmdWriteMultiBlock
                0x0000000008004a76       0x44 ./Drivers/STM32F4xx_HAL_Driver/Src/stm32f4xx_ll_sdmmc.o
                0x0000000008004a76                SDMMC_CmdWriteMultiBlock
 *fill*         0x0000000008004aba        0x2 
 .text.SDMMC_CmdStopTransfer
                0x0000000008004abc       0x44 ./Drivers/STM32F4xx_HAL_Driver/Src/stm32f4xx_ll_sdmmc.o
                0x0000000008004abc                SDMMC_CmdStopTransfer
 .text.SDMMC_CmdSelDesel
                0x0000000008004b00       0x46 ./Drivers/STM32F4xx_HAL_Driver/Src/stm32f4xx_ll_sdmmc.o
                0x0000000008004b00                SDMMC_CmdSelDesel
 .text.SDMMC_CmdGoIdleState
                0x0000000008004b46       0x3c ./Drivers/STM32F4xx_HAL_Driver/Src/stm32f4xx_ll_sdmmc.o
                0x0000000008004b46                SDMMC_CmdGoIdleState
 .text.SDMMC_CmdOperCond
                0x0000000008004b82       0x3e ./Drivers/STM32F4xx_HAL_Driver/Src/stm32f4xx_ll_sdmmc.o
                0x0000000008004b82                SDMMC_CmdOperCond
 .text.SDMMC_CmdAppCommand
                0x0000000008004bc0       0x44 ./Drivers/STM32F4xx_HAL_Driver/Src/stm32f4xx_ll_sdmmc.o
                0x0000000008004bc0                SDMMC_CmdAppCommand
 .text.SDMMC_CmdAppOperCommand
                0x0000000008004c04       0x46 ./Drivers/STM32F4xx_HAL_Driver/Src/stm32f4xx_ll_sdmmc.o
                0x0000000008004c04                SDMMC_CmdAppOperCommand
 .text.SDMMC_CmdSendCID
                0x0000000008004c4a       0x3c ./Drivers/STM32F4xx_HAL_Driver/Src/stm32f4xx_ll_sdmmc.o
                0x0000000008004c4a                SDMMC_CmdSendCID
 .text.SDMMC_CmdSendCSD
                0x0000000008004c86       0x3e ./Drivers/STM32F4xx_HAL_Driver/Src/stm32f4xx_ll_sdmmc.o
                0x0000000008004c86                SDMMC_CmdSendCSD
 .text.SDMMC_CmdSetRelAdd
                0x0000000008004cc4       0x42 ./Drivers/STM32F4xx_HAL_Driver/Src/stm32f4xx_ll_sdmmc.o
                0x0000000008004cc4                SDMMC_CmdSetRelAdd
 .text.SDMMC_CmdSendStatus
                0x0000000008004d06       0x44 ./Drivers/STM32F4xx_HAL_Driver/Src/stm32f4xx_ll_sdmmc.o
                0x0000000008004d06                SDMMC_CmdSendStatus
 *fill*         0x0000000008004d4a        0x2 
 .text.SDMMC_GetCmdResp1
                0x0000000008004d4c      0x1dc ./Drivers/STM32F4xx_HAL_Driver/Src/stm32f4xx_ll_sdmmc.o
                0x0000000008004d4c                SDMMC_GetCmdResp1
 .text.SDMMC_GetCmdResp2
                0x0000000008004f28       0x90 ./Drivers/STM32F4xx_HAL_Driver/Src/stm32f4xx_ll_sdmmc.o
                0x0000000008004f28                SDMMC_GetCmdResp2
 .text.SDMMC_GetCmdResp3
                0x0000000008004fb8       0x7c ./Drivers/STM32F4xx_HAL_Driver/Src/stm32f4xx_ll_sdmmc.o
                0x0000000008004fb8                SDMMC_GetCmdResp3
 .text.SDMMC_GetCmdResp6
                0x0000000008005034       0xec ./Drivers/STM32F4xx_HAL_Driver/Src/stm32f4xx_ll_sdmmc.o
                0x0000000008005034                SDMMC_GetCmdResp6
 .text.SDMMC_GetCmdResp7
                0x0000000008005120       0x9c ./Drivers/STM32F4xx_HAL_Driver/Src/stm32f4xx_ll_sdmmc.o
                0x0000000008005120                SDMMC_GetCmdResp7
 .text.SDMMC_GetCmdError
                0x00000000080051bc       0x58 ./Drivers/STM32F4xx_HAL_Driver/Src/stm32f4xx_ll_sdmmc.o
 .text.MX_FATFS_Init
                0x0000000008005214       0x24 ./FATFS/App/fatfs.o
                0x0000000008005214                MX_FATFS_Init
 .text.BSP_SD_Init
                0x0000000008005238       0x30 ./FATFS/Target/bsp_driver_sd.o
                0x0000000008005238                BSP_SD_Init
 .text.BSP_SD_ReadBlocks
                0x0000000008005268       0x3c ./FATFS/Target/bsp_driver_sd.o
                0x0000000008005268                BSP_SD_ReadBlocks
 .text.BSP_SD_WriteBlocks
                0x00000000080052a4       0x3c ./FATFS/Target/bsp_driver_sd.o
                0x00000000080052a4                BSP_SD_WriteBlocks
 .text.BSP_SD_GetCardState
                0x00000000080052e0       0x20 ./FATFS/Target/bsp_driver_sd.o
                0x00000000080052e0                BSP_SD_GetCardState
 .text.BSP_SD_GetCardInfo
                0x0000000008005300       0x1c ./FATFS/Target/bsp_driver_sd.o
                0x0000000008005300                BSP_SD_GetCardInfo
 .text.HAL_SD_AbortCallback
                0x000000000800531c       0x14 ./FATFS/Target/bsp_driver_sd.o
                0x000000000800531c                HAL_SD_AbortCallback
 .text.HAL_SD_TxCpltCallback
                0x0000000008005330       0x14 ./FATFS/Target/bsp_driver_sd.o
                0x0000000008005330                HAL_SD_TxCpltCallback
 .text.HAL_SD_RxCpltCallback
                0x0000000008005344       0x14 ./FATFS/Target/bsp_driver_sd.o
                0x0000000008005344                HAL_SD_RxCpltCallback
 .text.BSP_SD_AbortCallback
                0x0000000008005358        0xe ./FATFS/Target/bsp_driver_sd.o
                0x0000000008005358                BSP_SD_AbortCallback
 .text.BSP_SD_WriteCpltCallback
                0x0000000008005366        0xe ./FATFS/Target/bsp_driver_sd.o
                0x0000000008005366                BSP_SD_WriteCpltCallback
 .text.BSP_SD_ReadCpltCallback
                0x0000000008005374        0xe ./FATFS/Target/bsp_driver_sd.o
                0x0000000008005374                BSP_SD_ReadCpltCallback
 .text.BSP_SD_IsDetected
                0x0000000008005382       0x1a ./FATFS/Target/bsp_driver_sd.o
                0x0000000008005382                BSP_SD_IsDetected
 .text.SD_CheckStatus
                0x000000000800539c       0x3c ./FATFS/Target/sd_diskio.o
 .text.SD_initialize
                0x00000000080053d8       0x3c ./FATFS/Target/sd_diskio.o
                0x00000000080053d8                SD_initialize
 .text.SD_status
                0x0000000008005414       0x1c ./FATFS/Target/sd_diskio.o
                0x0000000008005414                SD_status
 .text.SD_read  0x0000000008005430       0x42 ./FATFS/Target/sd_diskio.o
                0x0000000008005430                SD_read
 .text.SD_write
                0x0000000008005472       0x42 ./FATFS/Target/sd_diskio.o
                0x0000000008005472                SD_write
 .text.SD_ioctl
                0x00000000080054b4       0xb0 ./FATFS/Target/sd_diskio.o
                0x00000000080054b4                SD_ioctl
 .text.FATFS_LinkDriverEx
                0x0000000008005564       0x98 ./Middlewares/Third_Party/FatFs/src/ff_gen_drv.o
                0x0000000008005564                FATFS_LinkDriverEx
 .text.FATFS_LinkDriver
                0x00000000080055fc       0x1e ./Middlewares/Third_Party/FatFs/src/ff_gen_drv.o
                0x00000000080055fc                FATFS_LinkDriver
 *fill*         0x000000000800561a        0x2 
 .text.__libc_init_array
                0x000000000800561c       0x48 c:/st/stm32cubeide_1.12.1/stm32cubeide/plugins/com.st.stm32cube.ide.mcu.externaltools.gnu-tools-for-stm32.10.3-2021.10.win32_1.0.200.202301161003/tools/bin/../lib/gcc/arm-none-eabi/10.3.1/../../../../arm-none-eabi/lib/thumb/v7e-m+fp/hard\libc_nano.a(lib_a-init.o)
                0x000000000800561c                __libc_init_array
 .text.memset   0x0000000008005664       0x10 c:/st/stm32cubeide_1.12.1/stm32cubeide/plugins/com.st.stm32cube.ide.mcu.externaltools.gnu-tools-for-stm32.10.3-2021.10.win32_1.0.200.202301161003/tools/bin/../lib/gcc/arm-none-eabi/10.3.1/../../../../arm-none-eabi/lib/thumb/v7e-m+fp/hard\libc_nano.a(lib_a-memset.o)
                0x0000000008005664                memset
 *(.glue_7)
 .glue_7        0x0000000008005674        0x0 linker stubs
 *(.glue_7t)
 .glue_7t       0x0000000008005674        0x0 linker stubs
 *(.eh_frame)
 .eh_frame      0x0000000008005674        0x0 c:/st/stm32cubeide_1.12.1/stm32cubeide/plugins/com.st.stm32cube.ide.mcu.externaltools.gnu-tools-for-stm32.10.3-2021.10.win32_1.0.200.202301161003/tools/bin/../lib/gcc/arm-none-eabi/10.3.1/thumb/v7e-m+fp/hard/crtbegin.o
 *(.init)
 .init          0x0000000008005674        0x4 c:/st/stm32cubeide_1.12.1/stm32cubeide/plugins/com.st.stm32cube.ide.mcu.externaltools.gnu-tools-for-stm32.10.3-2021.10.win32_1.0.200.202301161003/tools/bin/../lib/gcc/arm-none-eabi/10.3.1/thumb/v7e-m+fp/hard/crti.o
                0x0000000008005674                _init
 .init          0x0000000008005678        0x8 c:/st/stm32cubeide_1.12.1/stm32cubeide/plugins/com.st.stm32cube.ide.mcu.externaltools.gnu-tools-for-stm32.10.3-2021.10.win32_1.0.200.202301161003/tools/bin/../lib/gcc/arm-none-eabi/10.3.1/thumb/v7e-m+fp/hard/crtn.o
 *(.fini)
 .fini          0x0000000008005680        0x4 c:/st/stm32cubeide_1.12.1/stm32cubeide/plugins/com.st.stm32cube.ide.mcu.externaltools.gnu-tools-for-stm32.10.3-2021.10.win32_1.0.200.202301161003/tools/bin/../lib/gcc/arm-none-eabi/10.3.1/thumb/v7e-m+fp/hard/crti.o
                0x0000000008005680                _fini
 .fini          0x0000000008005684        0x8 c:/st/stm32cubeide_1.12.1/stm32cubeide/plugins/com.st.stm32cube.ide.mcu.externaltools.gnu-tools-for-stm32.10.3-2021.10.win32_1.0.200.202301161003/tools/bin/../lib/gcc/arm-none-eabi/10.3.1/thumb/v7e-m+fp/hard/crtn.o
                0x000000000800568c                . = ALIGN (0x4)
                0x000000000800568c                _etext = .

.vfp11_veneer   0x000000000800568c        0x0
 .vfp11_veneer  0x000000000800568c        0x0 linker stubs

.v4_bx          0x000000000800568c        0x0
 .v4_bx         0x000000000800568c        0x0 linker stubs

.iplt           0x000000000800568c        0x0
 .iplt          0x000000000800568c        0x0 c:/st/stm32cubeide_1.12.1/stm32cubeide/plugins/com.st.stm32cube.ide.mcu.externaltools.gnu-tools-for-stm32.10.3-2021.10.win32_1.0.200.202301161003/tools/bin/../lib/gcc/arm-none-eabi/10.3.1/thumb/v7e-m+fp/hard/crtbegin.o

.rodata         0x000000000800568c     0xa8d0
                0x000000000800568c                . = ALIGN (0x4)
 *(.rodata)
 .rodata        0x000000000800568c       0x97 ./Core/Src/st7789.o
 *(.rodata*)
 *fill*         0x0000000008005723        0x1 
 .rodata.Font7x10
                0x0000000008005724      0x76c ./Core/Src/fonts.o
 .rodata.Font11x18
                0x0000000008005e90      0xd5c ./Core/Src/fonts.o
 .rodata.Font16x26
                0x0000000008006bec     0x134c ./Core/Src/fonts.o
 .rodata.saber  0x0000000008007f38     0x8000 ./Core/Src/fonts.o
                0x0000000008007f38                saber
 .rodata.AHBPrescTable
                0x000000000800ff38       0x10 ./Core/Src/system_stm32f4xx.o
                0x000000000800ff38                AHBPrescTable
 .rodata.SD_Driver
                0x000000000800ff48       0x14 ./FATFS/Target/sd_diskio.o
                0x000000000800ff48                SD_Driver
                0x000000000800ff5c                . = ALIGN (0x4)

.ARM.extab      0x000000000800ff5c        0x0
                0x000000000800ff5c                . = ALIGN (0x4)
 *(.ARM.extab* .gnu.linkonce.armextab.*)
                0x000000000800ff5c                . = ALIGN (0x4)

.ARM            0x000000000800ff5c        0x8
                0x000000000800ff5c                . = ALIGN (0x4)
                0x000000000800ff5c                __exidx_start = .
 *(.ARM.exidx*)
 .ARM.exidx     0x000000000800ff5c        0x8 c:/st/stm32cubeide_1.12.1/stm32cubeide/plugins/com.st.stm32cube.ide.mcu.externaltools.gnu-tools-for-stm32.10.3-2021.10.win32_1.0.200.202301161003/tools/bin/../lib/gcc/arm-none-eabi/10.3.1/thumb/v7e-m+fp/hard\libgcc.a(_udivmoddi4.o)
                0x000000000800ff64                __exidx_end = .
                0x000000000800ff64                . = ALIGN (0x4)

.rel.dyn        0x000000000800ff64        0x0
 .rel.iplt      0x000000000800ff64        0x0 c:/st/stm32cubeide_1.12.1/stm32cubeide/plugins/com.st.stm32cube.ide.mcu.externaltools.gnu-tools-for-stm32.10.3-2021.10.win32_1.0.200.202301161003/tools/bin/../lib/gcc/arm-none-eabi/10.3.1/thumb/v7e-m+fp/hard/crtbegin.o

.preinit_array  0x000000000800ff64        0x0
                0x000000000800ff64                . = ALIGN (0x4)
                0x000000000800ff64                PROVIDE (__preinit_array_start = .)
 *(.preinit_array*)
                0x000000000800ff64                PROVIDE (__preinit_array_end = .)
                0x000000000800ff64                . = ALIGN (0x4)

.init_array     0x000000000800ff64        0x4
                0x000000000800ff64                . = ALIGN (0x4)
                0x000000000800ff64                PROVIDE (__init_array_start = .)
 *(SORT_BY_NAME(.init_array.*))
 *(.init_array*)
 .init_array    0x000000000800ff64        0x4 c:/st/stm32cubeide_1.12.1/stm32cubeide/plugins/com.st.stm32cube.ide.mcu.externaltools.gnu-tools-for-stm32.10.3-2021.10.win32_1.0.200.202301161003/tools/bin/../lib/gcc/arm-none-eabi/10.3.1/thumb/v7e-m+fp/hard/crtbegin.o
                0x000000000800ff68                PROVIDE (__init_array_end = .)
                0x000000000800ff68                . = ALIGN (0x4)

.fini_array     0x000000000800ff68        0x4
                0x000000000800ff68                . = ALIGN (0x4)
                [!provide]                        PROVIDE (__fini_array_start = .)
 *(SORT_BY_NAME(.fini_array.*))
 *(.fini_array*)
 .fini_array    0x000000000800ff68        0x4 c:/st/stm32cubeide_1.12.1/stm32cubeide/plugins/com.st.stm32cube.ide.mcu.externaltools.gnu-tools-for-stm32.10.3-2021.10.win32_1.0.200.202301161003/tools/bin/../lib/gcc/arm-none-eabi/10.3.1/thumb/v7e-m+fp/hard/crtbegin.o
                [!provide]                        PROVIDE (__fini_array_end = .)
                0x000000000800ff6c                . = ALIGN (0x4)
                0x000000000800ff6c                _sidata = LOADADDR (.data)

.data           0x0000000020000000       0x24 load address 0x000000000800ff6c
                0x0000000020000000                . = ALIGN (0x4)
                0x0000000020000000                _sdata = .
 *(.data)
 *(.data*)
 .data.Font_7x10
                0x0000000020000000        0x8 ./Core/Src/fonts.o
                0x0000000020000000                Font_7x10
 .data.Font_11x18
                0x0000000020000008        0x8 ./Core/Src/fonts.o
                0x0000000020000008                Font_11x18
 .data.Font_16x26
                0x0000000020000010        0x8 ./Core/Src/fonts.o
                0x0000000020000010                Font_16x26
 .data.SystemCoreClock
                0x0000000020000018        0x4 ./Core/Src/system_stm32f4xx.o
                0x0000000020000018                SystemCoreClock
 .data.uwTickPrio
                0x000000002000001c        0x4 ./Drivers/STM32F4xx_HAL_Driver/Src/stm32f4xx_hal.o
                0x000000002000001c                uwTickPrio
 .data.uwTickFreq
                0x0000000020000020        0x1 ./Drivers/STM32F4xx_HAL_Driver/Src/stm32f4xx_hal.o
                0x0000000020000020                uwTickFreq
 .data.Stat     0x0000000020000021        0x1 ./FATFS/Target/sd_diskio.o
 *(.RamFunc)
 *(.RamFunc*)
                0x0000000020000024                . = ALIGN (0x4)
 *fill*         0x0000000020000022        0x2 
                0x0000000020000024                _edata = .
                0x000000000800ff90                _siccmram = LOADADDR (.ccmram)

.igot.plt       0x0000000020000024        0x0 load address 0x000000000800ff90
 .igot.plt      0x0000000020000024        0x0 c:/st/stm32cubeide_1.12.1/stm32cubeide/plugins/com.st.stm32cube.ide.mcu.externaltools.gnu-tools-for-stm32.10.3-2021.10.win32_1.0.200.202301161003/tools/bin/../lib/gcc/arm-none-eabi/10.3.1/thumb/v7e-m+fp/hard/crtbegin.o

.ccmram         0x0000000010000000        0x0 load address 0x000000000800ff90
                0x0000000010000000                . = ALIGN (0x4)
                0x0000000010000000                _sccmram = .
 *(.ccmram)
 *(.ccmram*)
                0x0000000010000000                . = ALIGN (0x4)
                0x0000000010000000                _eccmram = .
                0x0000000010000000                . = ALIGN (0x4)

.bss            0x0000000020000024      0x110
                0x0000000020000024                _sbss = .
                0x0000000020000024                __bss_start__ = _sbss
 *(.bss)
 .bss           0x0000000020000024       0x1c c:/st/stm32cubeide_1.12.1/stm32cubeide/plugins/com.st.stm32cube.ide.mcu.externaltools.gnu-tools-for-stm32.10.3-2021.10.win32_1.0.200.202301161003/tools/bin/../lib/gcc/arm-none-eabi/10.3.1/thumb/v7e-m+fp/hard/crtbegin.o
 *(.bss*)
 .bss.hsd       0x0000000020000040       0x84 ./Core/Src/main.o
                0x0000000020000040                hsd
 .bss.hspi1     0x00000000200000c4       0x58 ./Core/Src/main.o
                0x00000000200000c4                hspi1
 .bss.uwTick    0x000000002000011c        0x4 ./Drivers/STM32F4xx_HAL_Driver/Src/stm32f4xx_hal.o
                0x000000002000011c                uwTick
 .bss.retSD     0x0000000020000120        0x1 ./FATFS/App/fatfs.o
                0x0000000020000120                retSD
 *fill*         0x0000000020000121        0x3 
 .bss.SDPath    0x0000000020000124        0x4 ./FATFS/App/fatfs.o
                0x0000000020000124                SDPath
 .bss.disk      0x0000000020000128        0xc ./Middlewares/Third_Party/FatFs/src/ff_gen_drv.o
                0x0000000020000128                disk
 *(COMMON)
                0x0000000020000134                . = ALIGN (0x4)
                0x0000000020000134                _ebss = .
                0x0000000020000134                __bss_end__ = _ebss

._user_heap_stack
                0x0000000020000134      0x604
                0x0000000020000138                . = ALIGN (0x8)
 *fill*         0x0000000020000134        0x4 
                [!provide]                        PROVIDE (end = .)
                0x0000000020000138                PROVIDE (_end = .)
                0x0000000020000338                . = (. + _Min_Heap_Size)
 *fill*         0x0000000020000138      0x200 
                0x0000000020000738                . = (. + _Min_Stack_Size)
 *fill*         0x0000000020000338      0x400 
                0x0000000020000738                . = ALIGN (0x8)

/DISCARD/
 libc.a(*)
 libm.a(*)
 libgcc.a(*)

.ARM.attributes
                0x0000000000000000       0x30
 *(.ARM.attributes)
 .ARM.attributes
                0x0000000000000000       0x1e c:/st/stm32cubeide_1.12.1/stm32cubeide/plugins/com.st.stm32cube.ide.mcu.externaltools.gnu-tools-for-stm32.10.3-2021.10.win32_1.0.200.202301161003/tools/bin/../lib/gcc/arm-none-eabi/10.3.1/thumb/v7e-m+fp/hard/crti.o
 .ARM.attributes
                0x000000000000001e       0x34 c:/st/stm32cubeide_1.12.1/stm32cubeide/plugins/com.st.stm32cube.ide.mcu.externaltools.gnu-tools-for-stm32.10.3-2021.10.win32_1.0.200.202301161003/tools/bin/../lib/gcc/arm-none-eabi/10.3.1/thumb/v7e-m+fp/hard/crtbegin.o
 .ARM.attributes
                0x0000000000000052       0x34 ./Core/Src/fonts.o
 .ARM.attributes
                0x0000000000000086       0x34 ./Core/Src/main.o
 .ARM.attributes
                0x00000000000000ba       0x34 ./Core/Src/st7789.o
 .ARM.attributes
                0x00000000000000ee       0x34 ./Core/Src/stm32f4xx_hal_msp.o
 .ARM.attributes
                0x0000000000000122       0x34 ./Core/Src/stm32f4xx_it.o
 .ARM.attributes
                0x0000000000000156       0x34 ./Core/Src/system_stm32f4xx.o
 .ARM.attributes
                0x000000000000018a       0x21 ./Core/Startup/startup_stm32f405rgtx.o
 .ARM.attributes
                0x00000000000001ab       0x34 ./Drivers/STM32F4xx_HAL_Driver/Src/stm32f4xx_hal.o
 .ARM.attributes
                0x00000000000001df       0x34 ./Drivers/STM32F4xx_HAL_Driver/Src/stm32f4xx_hal_cortex.o
 .ARM.attributes
                0x0000000000000213       0x34 ./Drivers/STM32F4xx_HAL_Driver/Src/stm32f4xx_hal_dma.o
 .ARM.attributes
                0x0000000000000247       0x34 ./Drivers/STM32F4xx_HAL_Driver/Src/stm32f4xx_hal_gpio.o
 .ARM.attributes
                0x000000000000027b       0x34 ./Drivers/STM32F4xx_HAL_Driver/Src/stm32f4xx_hal_rcc.o
 .ARM.attributes
                0x00000000000002af       0x34 ./Drivers/STM32F4xx_HAL_Driver/Src/stm32f4xx_hal_sd.o
 .ARM.attributes
                0x00000000000002e3       0x34 ./Drivers/STM32F4xx_HAL_Driver/Src/stm32f4xx_hal_spi.o
 .ARM.attributes
                0x0000000000000317       0x34 ./Drivers/STM32F4xx_HAL_Driver/Src/stm32f4xx_ll_sdmmc.o
 .ARM.attributes
                0x000000000000034b       0x34 ./FATFS/App/fatfs.o
 .ARM.attributes
                0x000000000000037f       0x34 ./FATFS/Target/bsp_driver_sd.o
 .ARM.attributes
                0x00000000000003b3       0x34 ./FATFS/Target/sd_diskio.o
 .ARM.attributes
                0x00000000000003e7       0x34 ./Middlewares/Third_Party/FatFs/src/ff_gen_drv.o
 .ARM.attributes
                0x000000000000041b       0x34 c:/st/stm32cubeide_1.12.1/stm32cubeide/plugins/com.st.stm32cube.ide.mcu.externaltools.gnu-tools-for-stm32.10.3-2021.10.win32_1.0.200.202301161003/tools/bin/../lib/gcc/arm-none-eabi/10.3.1/../../../../arm-none-eabi/lib/thumb/v7e-m+fp/hard\libc_nano.a(lib_a-init.o)
 .ARM.attributes
                0x000000000000044f       0x34 c:/st/stm32cubeide_1.12.1/stm32cubeide/plugins/com.st.stm32cube.ide.mcu.externaltools.gnu-tools-for-stm32.10.3-2021.10.win32_1.0.200.202301161003/tools/bin/../lib/gcc/arm-none-eabi/10.3.1/../../../../arm-none-eabi/lib/thumb/v7e-m+fp/hard\libc_nano.a(lib_a-memset.o)
 .ARM.attributes
                0x0000000000000483       0x1e c:/st/stm32cubeide_1.12.1/stm32cubeide/plugins/com.st.stm32cube.ide.mcu.externaltools.gnu-tools-for-stm32.10.3-2021.10.win32_1.0.200.202301161003/tools/bin/../lib/gcc/arm-none-eabi/10.3.1/thumb/v7e-m+fp/hard\libgcc.a(_aeabi_uldivmod.o)
 .ARM.attributes
                0x00000000000004a1       0x34 c:/st/stm32cubeide_1.12.1/stm32cubeide/plugins/com.st.stm32cube.ide.mcu.externaltools.gnu-tools-for-stm32.10.3-2021.10.win32_1.0.200.202301161003/tools/bin/../lib/gcc/arm-none-eabi/10.3.1/thumb/v7e-m+fp/hard\libgcc.a(_udivmoddi4.o)
 .ARM.attributes
                0x00000000000004d5       0x1e c:/st/stm32cubeide_1.12.1/stm32cubeide/plugins/com.st.stm32cube.ide.mcu.externaltools.gnu-tools-for-stm32.10.3-2021.10.win32_1.0.200.202301161003/tools/bin/../lib/gcc/arm-none-eabi/10.3.1/thumb/v7e-m+fp/hard\libgcc.a(_dvmd_tls.o)
 .ARM.attributes
                0x00000000000004f3       0x1e c:/st/stm32cubeide_1.12.1/stm32cubeide/plugins/com.st.stm32cube.ide.mcu.externaltools.gnu-tools-for-stm32.10.3-2021.10.win32_1.0.200.202301161003/tools/bin/../lib/gcc/arm-none-eabi/10.3.1/thumb/v7e-m+fp/hard/crtn.o
OUTPUT(Lab_SDcard_LCD.elf elf32-littlearm)
LOAD linker stubs
LOAD c:/st/stm32cubeide_1.12.1/stm32cubeide/plugins/com.st.stm32cube.ide.mcu.externaltools.gnu-tools-for-stm32.10.3-2021.10.win32_1.0.200.202301161003/tools/bin/../lib/gcc/arm-none-eabi/10.3.1/../../../../arm-none-eabi/lib/thumb/v7e-m+fp/hard\libc.a
LOAD c:/st/stm32cubeide_1.12.1/stm32cubeide/plugins/com.st.stm32cube.ide.mcu.externaltools.gnu-tools-for-stm32.10.3-2021.10.win32_1.0.200.202301161003/tools/bin/../lib/gcc/arm-none-eabi/10.3.1/../../../../arm-none-eabi/lib/thumb/v7e-m+fp/hard\libm.a
LOAD c:/st/stm32cubeide_1.12.1/stm32cubeide/plugins/com.st.stm32cube.ide.mcu.externaltools.gnu-tools-for-stm32.10.3-2021.10.win32_1.0.200.202301161003/tools/bin/../lib/gcc/arm-none-eabi/10.3.1/thumb/v7e-m+fp/hard\libgcc.a

.debug_info     0x0000000000000000     0xd544
 .debug_info    0x0000000000000000      0x1fe ./Core/Src/fonts.o
 .debug_info    0x00000000000001fe     0x103b ./Core/Src/main.o
 .debug_info    0x0000000000001239     0x125c ./Core/Src/st7789.o
 .debug_info    0x0000000000002495     0x104f ./Core/Src/stm32f4xx_hal_msp.o
 .debug_info    0x00000000000034e4      0xa5d ./Core/Src/stm32f4xx_it.o
 .debug_info    0x0000000000003f41      0x523 ./Core/Src/system_stm32f4xx.o
 .debug_info    0x0000000000004464       0x22 ./Core/Startup/startup_stm32f405rgtx.o
 .debug_info    0x0000000000004486      0x96a ./Drivers/STM32F4xx_HAL_Driver/Src/stm32f4xx_hal.o
 .debug_info    0x0000000000004df0      0xe09 ./Drivers/STM32F4xx_HAL_Driver/Src/stm32f4xx_hal_cortex.o
 .debug_info    0x0000000000005bf9      0x94f ./Drivers/STM32F4xx_HAL_Driver/Src/stm32f4xx_hal_dma.o
 .debug_info    0x0000000000006548      0x76a ./Drivers/STM32F4xx_HAL_Driver/Src/stm32f4xx_hal_gpio.o
 .debug_info    0x0000000000006cb2      0x966 ./Drivers/STM32F4xx_HAL_Driver/Src/stm32f4xx_hal_rcc.o
 .debug_info    0x0000000000007618     0x1d34 ./Drivers/STM32F4xx_HAL_Driver/Src/stm32f4xx_hal_sd.o
 .debug_info    0x000000000000934c     0x1758 ./Drivers/STM32F4xx_HAL_Driver/Src/stm32f4xx_hal_spi.o
 .debug_info    0x000000000000aaa4     0x11dd ./Drivers/STM32F4xx_HAL_Driver/Src/stm32f4xx_ll_sdmmc.o
 .debug_info    0x000000000000bc81      0x4fa ./FATFS/App/fatfs.o
 .debug_info    0x000000000000c17b      0xb37 ./FATFS/Target/bsp_driver_sd.o
 .debug_info    0x000000000000ccb2      0x4e9 ./FATFS/Target/sd_diskio.o
 .debug_info    0x000000000000d19b      0x3a9 ./Middlewares/Third_Party/FatFs/src/ff_gen_drv.o

.debug_abbrev   0x0000000000000000     0x2402
 .debug_abbrev  0x0000000000000000       0xcc ./Core/Src/fonts.o
 .debug_abbrev  0x00000000000000cc      0x29b ./Core/Src/main.o
 .debug_abbrev  0x0000000000000367      0x27e ./Core/Src/st7789.o
 .debug_abbrev  0x00000000000005e5      0x1ca ./Core/Src/stm32f4xx_hal_msp.o
 .debug_abbrev  0x00000000000007af      0x19c ./Core/Src/stm32f4xx_it.o
 .debug_abbrev  0x000000000000094b      0x116 ./Core/Src/system_stm32f4xx.o
 .debug_abbrev  0x0000000000000a61       0x12 ./Core/Startup/startup_stm32f405rgtx.o
 .debug_abbrev  0x0000000000000a73      0x20d ./Drivers/STM32F4xx_HAL_Driver/Src/stm32f4xx_hal.o
 .debug_abbrev  0x0000000000000c80      0x316 ./Drivers/STM32F4xx_HAL_Driver/Src/stm32f4xx_hal_cortex.o
 .debug_abbrev  0x0000000000000f96      0x25b ./Drivers/STM32F4xx_HAL_Driver/Src/stm32f4xx_hal_dma.o
 .debug_abbrev  0x00000000000011f1      0x1c4 ./Drivers/STM32F4xx_HAL_Driver/Src/stm32f4xx_hal_gpio.o
 .debug_abbrev  0x00000000000013b5      0x2aa ./Drivers/STM32F4xx_HAL_Driver/Src/stm32f4xx_hal_rcc.o
 .debug_abbrev  0x000000000000165f      0x288 ./Drivers/STM32F4xx_HAL_Driver/Src/stm32f4xx_hal_sd.o
 .debug_abbrev  0x00000000000018e7      0x26e ./Drivers/STM32F4xx_HAL_Driver/Src/stm32f4xx_hal_spi.o
 .debug_abbrev  0x0000000000001b55      0x1ce ./Drivers/STM32F4xx_HAL_Driver/Src/stm32f4xx_ll_sdmmc.o
 .debug_abbrev  0x0000000000001d23      0x15a ./FATFS/App/fatfs.o
 .debug_abbrev  0x0000000000001e7d      0x268 ./FATFS/Target/bsp_driver_sd.o
 .debug_abbrev  0x00000000000020e5      0x187 ./FATFS/Target/sd_diskio.o
 .debug_abbrev  0x000000000000226c      0x196 ./Middlewares/Third_Party/FatFs/src/ff_gen_drv.o

.debug_aranges  0x0000000000000000      0xbb8
 .debug_aranges
                0x0000000000000000       0x18 ./Core/Src/fonts.o
 .debug_aranges
                0x0000000000000018       0x48 ./Core/Src/main.o
 .debug_aranges
                0x0000000000000060       0xd0 ./Core/Src/st7789.o
 .debug_aranges
                0x0000000000000130       0x40 ./Core/Src/stm32f4xx_hal_msp.o
 .debug_aranges
                0x0000000000000170       0x70 ./Core/Src/stm32f4xx_it.o
 .debug_aranges
                0x00000000000001e0       0x28 ./Core/Src/system_stm32f4xx.o
 .debug_aranges
                0x0000000000000208       0x28 ./Core/Startup/startup_stm32f405rgtx.o
 .debug_aranges
                0x0000000000000230       0xf0 ./Drivers/STM32F4xx_HAL_Driver/Src/stm32f4xx_hal.o
 .debug_aranges
                0x0000000000000320      0x118 ./Drivers/STM32F4xx_HAL_Driver/Src/stm32f4xx_hal_cortex.o
 .debug_aranges
                0x0000000000000438       0x90 ./Drivers/STM32F4xx_HAL_Driver/Src/stm32f4xx_hal_dma.o
 .debug_aranges
                0x00000000000004c8       0x58 ./Drivers/STM32F4xx_HAL_Driver/Src/stm32f4xx_hal_gpio.o
 .debug_aranges
                0x0000000000000520       0x88 ./Drivers/STM32F4xx_HAL_Driver/Src/stm32f4xx_hal_rcc.o
 .debug_aranges
                0x00000000000005a8      0x168 ./Drivers/STM32F4xx_HAL_Driver/Src/stm32f4xx_hal_sd.o
 .debug_aranges
                0x0000000000000710      0x1d0 ./Drivers/STM32F4xx_HAL_Driver/Src/stm32f4xx_hal_spi.o
 .debug_aranges
                0x00000000000008e0      0x188 ./Drivers/STM32F4xx_HAL_Driver/Src/stm32f4xx_ll_sdmmc.o
 .debug_aranges
                0x0000000000000a68       0x28 ./FATFS/App/fatfs.o
 .debug_aranges
                0x0000000000000a90       0xa0 ./FATFS/Target/bsp_driver_sd.o
 .debug_aranges
                0x0000000000000b30       0x48 ./FATFS/Target/sd_diskio.o
 .debug_aranges
                0x0000000000000b78       0x40 ./Middlewares/Third_Party/FatFs/src/ff_gen_drv.o

.debug_macro    0x0000000000000000    0x200e5
 .debug_macro   0x0000000000000000       0x6d ./Core/Src/fonts.o
 .debug_macro   0x000000000000006d      0xa78 ./Core/Src/fonts.o
 .debug_macro   0x0000000000000ae5       0x22 ./Core/Src/fonts.o
 .debug_macro   0x0000000000000b07       0x8e ./Core/Src/fonts.o
 .debug_macro   0x0000000000000b95       0x51 ./Core/Src/fonts.o
 .debug_macro   0x0000000000000be6      0x103 ./Core/Src/fonts.o
 .debug_macro   0x0000000000000ce9       0x6a ./Core/Src/fonts.o
 .debug_macro   0x0000000000000d53      0x1df ./Core/Src/fonts.o
 .debug_macro   0x0000000000000f32      0x32d ./Core/Src/main.o
 .debug_macro   0x000000000000125f      0x29b ./Core/Src/main.o
 .debug_macro   0x00000000000014fa       0x2e ./Core/Src/main.o
 .debug_macro   0x0000000000001528       0x2f ./Core/Src/main.o
 .debug_macro   0x0000000000001557       0x1c ./Core/Src/main.o
 .debug_macro   0x0000000000001573       0x22 ./Core/Src/main.o
 .debug_macro   0x0000000000001595       0xd9 ./Core/Src/main.o
 .debug_macro   0x000000000000166e     0x102d ./Core/Src/main.o
 .debug_macro   0x000000000000269b      0x11f ./Core/Src/main.o
 .debug_macro   0x00000000000027ba    0x1426d ./Core/Src/main.o
 .debug_macro   0x0000000000016a27       0x6d ./Core/Src/main.o
 .debug_macro   0x0000000000016a94     0x367e ./Core/Src/main.o
 .debug_macro   0x000000000001a112      0x174 ./Core/Src/main.o
 .debug_macro   0x000000000001a286       0x5c ./Core/Src/main.o
 .debug_macro   0x000000000001a2e2      0x8a7 ./Core/Src/main.o
 .debug_macro   0x000000000001ab89      0x9fe ./Core/Src/main.o
 .debug_macro   0x000000000001b587      0x115 ./Core/Src/main.o
 .debug_macro   0x000000000001b69c      0x130 ./Core/Src/main.o
 .debug_macro   0x000000000001b7cc       0xa5 ./Core/Src/main.o
 .debug_macro   0x000000000001b871      0x174 ./Core/Src/main.o
 .debug_macro   0x000000000001b9e5      0x287 ./Core/Src/main.o
 .debug_macro   0x000000000001bc6c       0x5f ./Core/Src/main.o
 .debug_macro   0x000000000001bccb      0x236 ./Core/Src/main.o
 .debug_macro   0x000000000001bf01      0x12c ./Core/Src/main.o
 .debug_macro   0x000000000001c02d      0x21e ./Core/Src/main.o
 .debug_macro   0x000000000001c24b       0x2e ./Core/Src/main.o
 .debug_macro   0x000000000001c279      0x11a ./Core/Src/main.o
 .debug_macro   0x000000000001c393       0x7e ./Core/Src/main.o
 .debug_macro   0x000000000001c411       0x89 ./Core/Src/main.o
 .debug_macro   0x000000000001c49a      0x861 ./Core/Src/main.o
 .debug_macro   0x000000000001ccfb      0x1d5 ./Core/Src/main.o
 .debug_macro   0x000000000001ced0      0x225 ./Core/Src/main.o
 .debug_macro   0x000000000001d0f5      0x12d ./Core/Src/main.o
 .debug_macro   0x000000000001d222       0x34 ./Core/Src/main.o
 .debug_macro   0x000000000001d256       0x3a ./Core/Src/main.o
 .debug_macro   0x000000000001d290       0xe5 ./Core/Src/main.o
 .debug_macro   0x000000000001d375       0x1e ./Core/Src/main.o
 .debug_macro   0x000000000001d393       0x52 ./Core/Src/main.o
 .debug_macro   0x000000000001d3e5       0x3c ./Core/Src/main.o
 .debug_macro   0x000000000001d421       0x34 ./Core/Src/main.o
 .debug_macro   0x000000000001d455       0x16 ./Core/Src/main.o
 .debug_macro   0x000000000001d46b       0x35 ./Core/Src/main.o
 .debug_macro   0x000000000001d4a0       0x16 ./Core/Src/main.o
 .debug_macro   0x000000000001d4b6       0x43 ./Core/Src/main.o
 .debug_macro   0x000000000001d4f9       0x34 ./Core/Src/main.o
 .debug_macro   0x000000000001d52d       0x10 ./Core/Src/main.o
 .debug_macro   0x000000000001d53d       0x58 ./Core/Src/main.o
 .debug_macro   0x000000000001d595       0x71 ./Core/Src/main.o
 .debug_macro   0x000000000001d606       0x1c ./Core/Src/main.o
 .debug_macro   0x000000000001d622      0x12a ./Core/Src/main.o
 .debug_macro   0x000000000001d74c      0x341 ./Core/Src/main.o
 .debug_macro   0x000000000001da8d       0x16 ./Core/Src/main.o
 .debug_macro   0x000000000001daa3       0x29 ./Core/Src/main.o
 .debug_macro   0x000000000001dacc       0x12 ./Core/Src/main.o
 .debug_macro   0x000000000001dade       0xe2 ./Core/Src/main.o
 .debug_macro   0x000000000001dbc0       0x8e ./Core/Src/main.o
 .debug_macro   0x000000000001dc4e      0x1fa ./Core/Src/main.o
 .debug_macro   0x000000000001de48      0x1fb ./Core/Src/st7789.o
 .debug_macro   0x000000000001e043      0x1e2 ./Core/Src/stm32f4xx_hal_msp.o
 .debug_macro   0x000000000001e225      0x1ec ./Core/Src/stm32f4xx_it.o
 .debug_macro   0x000000000001e411      0x1d3 ./Core/Src/system_stm32f4xx.o
 .debug_macro   0x000000000001e5e4      0x233 ./Drivers/STM32F4xx_HAL_Driver/Src/stm32f4xx_hal.o
 .debug_macro   0x000000000001e817      0x1d3 ./Drivers/STM32F4xx_HAL_Driver/Src/stm32f4xx_hal_cortex.o
 .debug_macro   0x000000000001e9ea      0x1d9 ./Drivers/STM32F4xx_HAL_Driver/Src/stm32f4xx_hal_dma.o
 .debug_macro   0x000000000001ebc3      0x1d9 ./Drivers/STM32F4xx_HAL_Driver/Src/stm32f4xx_hal_gpio.o
 .debug_macro   0x000000000001ed9c      0x1f7 ./Drivers/STM32F4xx_HAL_Driver/Src/stm32f4xx_hal_rcc.o
 .debug_macro   0x000000000001ef93      0x1d4 ./Drivers/STM32F4xx_HAL_Driver/Src/stm32f4xx_hal_sd.o
 .debug_macro   0x000000000001f167      0x1e2 ./Drivers/STM32F4xx_HAL_Driver/Src/stm32f4xx_hal_spi.o
 .debug_macro   0x000000000001f349      0x1d4 ./Drivers/STM32F4xx_HAL_Driver/Src/stm32f4xx_ll_sdmmc.o
 .debug_macro   0x000000000001f51d      0x310 ./FATFS/App/fatfs.o
 .debug_macro   0x000000000001f82d      0x1e2 ./FATFS/Target/bsp_driver_sd.o
 .debug_macro   0x000000000001fa0f       0x34 ./FATFS/Target/bsp_driver_sd.o
 .debug_macro   0x000000000001fa43      0x313 ./FATFS/Target/sd_diskio.o
 .debug_macro   0x000000000001fd56       0x16 ./FATFS/Target/sd_diskio.o
 .debug_macro   0x000000000001fd6c       0x7c ./FATFS/Target/sd_diskio.o
 .debug_macro   0x000000000001fde8      0x2fd ./Middlewares/Third_Party/FatFs/src/ff_gen_drv.o

.debug_line     0x0000000000000000     0xdc91
 .debug_line    0x0000000000000000      0x387 ./Core/Src/fonts.o
 .debug_line    0x0000000000000387      0x9e6 ./Core/Src/main.o
 .debug_line    0x0000000000000d6d      0xd73 ./Core/Src/st7789.o
 .debug_line    0x0000000000001ae0      0x783 ./Core/Src/stm32f4xx_hal_msp.o
 .debug_line    0x0000000000002263      0x7b2 ./Core/Src/stm32f4xx_it.o
 .debug_line    0x0000000000002a15      0x741 ./Core/Src/system_stm32f4xx.o
 .debug_line    0x0000000000003156       0x88 ./Core/Startup/startup_stm32f405rgtx.o
 .debug_line    0x00000000000031de      0x9a7 ./Drivers/STM32F4xx_HAL_Driver/Src/stm32f4xx_hal.o
 .debug_line    0x0000000000003b85      0xc56 ./Drivers/STM32F4xx_HAL_Driver/Src/stm32f4xx_hal_cortex.o
 .debug_line    0x00000000000047db      0xf0b ./Drivers/STM32F4xx_HAL_Driver/Src/stm32f4xx_hal_dma.o
 .debug_line    0x00000000000056e6      0xb1b ./Drivers/STM32F4xx_HAL_Driver/Src/stm32f4xx_hal_gpio.o
 .debug_line    0x0000000000006201      0xd23 ./Drivers/STM32F4xx_HAL_Driver/Src/stm32f4xx_hal_rcc.o
 .debug_line    0x0000000000006f24     0x1dd4 ./Drivers/STM32F4xx_HAL_Driver/Src/stm32f4xx_hal_sd.o
 .debug_line    0x0000000000008cf8     0x1c31 ./Drivers/STM32F4xx_HAL_Driver/Src/stm32f4xx_hal_spi.o
 .debug_line    0x000000000000a929      0xf3a ./Drivers/STM32F4xx_HAL_Driver/Src/stm32f4xx_ll_sdmmc.o
 .debug_line    0x000000000000b863      0x8bd ./FATFS/App/fatfs.o
 .debug_line    0x000000000000c120      0x884 ./FATFS/Target/bsp_driver_sd.o
 .debug_line    0x000000000000c9a4      0x9a1 ./FATFS/Target/sd_diskio.o
 .debug_line    0x000000000000d345      0x94c ./Middlewares/Third_Party/FatFs/src/ff_gen_drv.o

.debug_str      0x0000000000000000    0xbcc4e
 .debug_str     0x0000000000000000     0x3b1d ./Core/Src/fonts.o
                                       0x3c8e (size before relaxing)
 .debug_str     0x0000000000003b1d    0xb6297 ./Core/Src/main.o
                                      0xba09f (size before relaxing)
 .debug_str     0x00000000000b9db4      0x292 ./Core/Src/st7789.o
                                      0xb68b7 (size before relaxing)
 .debug_str     0x00000000000ba046      0x579 ./Core/Src/stm32f4xx_hal_msp.o
                                      0xb673b (size before relaxing)
 .debug_str     0x00000000000ba5bf       0xfe ./Core/Src/stm32f4xx_it.o
                                      0xb6154 (size before relaxing)
 .debug_str     0x00000000000ba6bd       0xdb ./Core/Src/system_stm32f4xx.o
                                      0xb5b05 (size before relaxing)
 .debug_str     0x00000000000ba798       0x36 ./Core/Startup/startup_stm32f405rgtx.o
                                         0x6b (size before relaxing)
 .debug_str     0x00000000000ba7ce      0x5fe ./Drivers/STM32F4xx_HAL_Driver/Src/stm32f4xx_hal.o
                                      0xb6668 (size before relaxing)
 .debug_str     0x00000000000badcc      0x32d ./Drivers/STM32F4xx_HAL_Driver/Src/stm32f4xx_hal_cortex.o
                                      0xb639b (size before relaxing)
 .debug_str     0x00000000000bb0f9      0x31a ./Drivers/STM32F4xx_HAL_Driver/Src/stm32f4xx_hal_dma.o
                                      0xb5f1f (size before relaxing)
 .debug_str     0x00000000000bb413      0x121 ./Drivers/STM32F4xx_HAL_Driver/Src/stm32f4xx_hal_gpio.o
                                      0xb5c80 (size before relaxing)
 .debug_str     0x00000000000bb534      0x233 ./Drivers/STM32F4xx_HAL_Driver/Src/stm32f4xx_hal_rcc.o
                                      0xb5f39 (size before relaxing)
 .debug_str     0x00000000000bb767      0x908 ./Drivers/STM32F4xx_HAL_Driver/Src/stm32f4xx_hal_sd.o
                                      0xb687e (size before relaxing)
 .debug_str     0x00000000000bc06f      0x53e ./Drivers/STM32F4xx_HAL_Driver/Src/stm32f4xx_hal_spi.o
                                      0xb63c9 (size before relaxing)
 .debug_str     0x00000000000bc5ad      0x227 ./Drivers/STM32F4xx_HAL_Driver/Src/stm32f4xx_ll_sdmmc.o
                                      0xb5f8c (size before relaxing)
 .debug_str     0x00000000000bc7d4      0x1bc ./FATFS/App/fatfs.o
                                      0xb9174 (size before relaxing)
 .debug_str     0x00000000000bc990      0x164 ./FATFS/Target/bsp_driver_sd.o
                                      0xb6176 (size before relaxing)
 .debug_str     0x00000000000bcaf4       0xa0 ./FATFS/Target/sd_diskio.o
                                      0xb91bc (size before relaxing)
 .debug_str     0x00000000000bcb94       0xba ./Middlewares/Third_Party/FatFs/src/ff_gen_drv.o
                                      0xb90e0 (size before relaxing)

.comment        0x0000000000000000       0x50
 .comment       0x0000000000000000       0x50 ./Core/Src/fonts.o
                                         0x51 (size before relaxing)
 .comment       0x0000000000000050       0x51 ./Core/Src/main.o
 .comment       0x0000000000000050       0x51 ./Core/Src/st7789.o
 .comment       0x0000000000000050       0x51 ./Core/Src/stm32f4xx_hal_msp.o
 .comment       0x0000000000000050       0x51 ./Core/Src/stm32f4xx_it.o
 .comment       0x0000000000000050       0x51 ./Core/Src/system_stm32f4xx.o
 .comment       0x0000000000000050       0x51 ./Drivers/STM32F4xx_HAL_Driver/Src/stm32f4xx_hal.o
 .comment       0x0000000000000050       0x51 ./Drivers/STM32F4xx_HAL_Driver/Src/stm32f4xx_hal_cortex.o
 .comment       0x0000000000000050       0x51 ./Drivers/STM32F4xx_HAL_Driver/Src/stm32f4xx_hal_dma.o
 .comment       0x0000000000000050       0x51 ./Drivers/STM32F4xx_HAL_Driver/Src/stm32f4xx_hal_gpio.o
 .comment       0x0000000000000050       0x51 ./Drivers/STM32F4xx_HAL_Driver/Src/stm32f4xx_hal_rcc.o
 .comment       0x0000000000000050       0x51 ./Drivers/STM32F4xx_HAL_Driver/Src/stm32f4xx_hal_sd.o
 .comment       0x0000000000000050       0x51 ./Drivers/STM32F4xx_HAL_Driver/Src/stm32f4xx_hal_spi.o
 .comment       0x0000000000000050       0x51 ./Drivers/STM32F4xx_HAL_Driver/Src/stm32f4xx_ll_sdmmc.o
 .comment       0x0000000000000050       0x51 ./FATFS/App/fatfs.o
 .comment       0x0000000000000050       0x51 ./FATFS/Target/bsp_driver_sd.o
 .comment       0x0000000000000050       0x51 ./FATFS/Target/sd_diskio.o
 .comment       0x0000000000000050       0x51 ./Middlewares/Third_Party/FatFs/src/ff_gen_drv.o

.debug_ranges   0x0000000000000000      0xa88
 .debug_ranges  0x0000000000000000       0x38 ./Core/Src/main.o
 .debug_ranges  0x0000000000000038       0xc0 ./Core/Src/st7789.o
 .debug_ranges  0x00000000000000f8       0x30 ./Core/Src/stm32f4xx_hal_msp.o
 .debug_ranges  0x0000000000000128       0x60 ./Core/Src/stm32f4xx_it.o
 .debug_ranges  0x0000000000000188       0x18 ./Core/Src/system_stm32f4xx.o
 .debug_ranges  0x00000000000001a0       0x20 ./Core/Startup/startup_stm32f405rgtx.o
 .debug_ranges  0x00000000000001c0       0xe0 ./Drivers/STM32F4xx_HAL_Driver/Src/stm32f4xx_hal.o
 .debug_ranges  0x00000000000002a0      0x108 ./Drivers/STM32F4xx_HAL_Driver/Src/stm32f4xx_hal_cortex.o
 .debug_ranges  0x00000000000003a8       0x80 ./Drivers/STM32F4xx_HAL_Driver/Src/stm32f4xx_hal_dma.o
 .debug_ranges  0x0000000000000428       0x48 ./Drivers/STM32F4xx_HAL_Driver/Src/stm32f4xx_hal_gpio.o
 .debug_ranges  0x0000000000000470       0x78 ./Drivers/STM32F4xx_HAL_Driver/Src/stm32f4xx_hal_rcc.o
 .debug_ranges  0x00000000000004e8      0x158 ./Drivers/STM32F4xx_HAL_Driver/Src/stm32f4xx_hal_sd.o
 .debug_ranges  0x0000000000000640      0x1c0 ./Drivers/STM32F4xx_HAL_Driver/Src/stm32f4xx_hal_spi.o
 .debug_ranges  0x0000000000000800      0x178 ./Drivers/STM32F4xx_HAL_Driver/Src/stm32f4xx_ll_sdmmc.o
 .debug_ranges  0x0000000000000978       0x18 ./FATFS/App/fatfs.o
 .debug_ranges  0x0000000000000990       0x90 ./FATFS/Target/bsp_driver_sd.o
 .debug_ranges  0x0000000000000a20       0x38 ./FATFS/Target/sd_diskio.o
 .debug_ranges  0x0000000000000a58       0x30 ./Middlewares/Third_Party/FatFs/src/ff_gen_drv.o

.debug_frame    0x0000000000000000     0x2ea0
 .debug_frame   0x0000000000000000       0xc8 ./Core/Src/main.o
 .debug_frame   0x00000000000000c8      0x398 ./Core/Src/st7789.o
 .debug_frame   0x0000000000000460       0xc8 ./Core/Src/stm32f4xx_hal_msp.o
 .debug_frame   0x0000000000000528      0x13c ./Core/Src/stm32f4xx_it.o
 .debug_frame   0x0000000000000664       0x58 ./Core/Src/system_stm32f4xx.o
 .debug_frame   0x00000000000006bc      0x374 ./Drivers/STM32F4xx_HAL_Driver/Src/stm32f4xx_hal.o
 .debug_frame   0x0000000000000a30      0x498 ./Drivers/STM32F4xx_HAL_Driver/Src/stm32f4xx_hal_cortex.o
 .debug_frame   0x0000000000000ec8      0x250 ./Drivers/STM32F4xx_HAL_Driver/Src/stm32f4xx_hal_dma.o
 .debug_frame   0x0000000000001118      0x14c ./Drivers/STM32F4xx_HAL_Driver/Src/stm32f4xx_hal_gpio.o
 .debug_frame   0x0000000000001264      0x1f4 ./Drivers/STM32F4xx_HAL_Driver/Src/stm32f4xx_hal_rcc.o
 .debug_frame   0x0000000000001458      0x650 ./Drivers/STM32F4xx_HAL_Driver/Src/stm32f4xx_hal_sd.o
 .debug_frame   0x0000000000001aa8      0x824 ./Drivers/STM32F4xx_HAL_Driver/Src/stm32f4xx_hal_spi.o
 .debug_frame   0x00000000000022cc      0x6d0 ./Drivers/STM32F4xx_HAL_Driver/Src/stm32f4xx_ll_sdmmc.o
 .debug_frame   0x000000000000299c       0x4c ./FATFS/App/fatfs.o
 .debug_frame   0x00000000000029e8      0x25c ./FATFS/Target/bsp_driver_sd.o
 .debug_frame   0x0000000000002c44       0xe8 ./FATFS/Target/sd_diskio.o
 .debug_frame   0x0000000000002d2c       0xc8 ./Middlewares/Third_Party/FatFs/src/ff_gen_drv.o
 .debug_frame   0x0000000000002df4       0x2c c:/st/stm32cubeide_1.12.1/stm32cubeide/plugins/com.st.stm32cube.ide.mcu.externaltools.gnu-tools-for-stm32.10.3-2021.10.win32_1.0.200.202301161003/tools/bin/../lib/gcc/arm-none-eabi/10.3.1/../../../../arm-none-eabi/lib/thumb/v7e-m+fp/hard\libc_nano.a(lib_a-init.o)
 .debug_frame   0x0000000000002e20       0x20 c:/st/stm32cubeide_1.12.1/stm32cubeide/plugins/com.st.stm32cube.ide.mcu.externaltools.gnu-tools-for-stm32.10.3-2021.10.win32_1.0.200.202301161003/tools/bin/../lib/gcc/arm-none-eabi/10.3.1/../../../../arm-none-eabi/lib/thumb/v7e-m+fp/hard\libc_nano.a(lib_a-memset.o)
 .debug_frame   0x0000000000002e40       0x2c c:/st/stm32cubeide_1.12.1/stm32cubeide/plugins/com.st.stm32cube.ide.mcu.externaltools.gnu-tools-for-stm32.10.3-2021.10.win32_1.0.200.202301161003/tools/bin/../lib/gcc/arm-none-eabi/10.3.1/thumb/v7e-m+fp/hard\libgcc.a(_aeabi_uldivmod.o)
 .debug_frame   0x0000000000002e6c       0x34 c:/st/stm32cubeide_1.12.1/stm32cubeide/plugins/com.st.stm32cube.ide.mcu.externaltools.gnu-tools-for-stm32.10.3-2021.10.win32_1.0.200.202301161003/tools/bin/../lib/gcc/arm-none-eabi/10.3.1/thumb/v7e-m+fp/hard\libgcc.a(_udivmoddi4.o)
